
=== consumer run 2026-09-25T05:04:54Z ===
  Glossier               ok       items=111  expired_cut=0   
  Allbirds               ok       items=250  expired_cut=0   
  Transparent Labs       ok       items=71   expired_cut=0   
  Ilia                   ok       items=71   expired_cut=0   
  Supergoop              ok       items=86   expired_cut=0   
  Tower 28               ok       items=67   expired_cut=0   
  Gorilla Mind           ok       items=53   expired_cut=0   
  Bombas                 blocked  items=0    expired_cut=0   HTTP 429
      <-- KNOWN-MISSING(仍在): Bombas 自 2026-09-14 起标为已知抓不到（连续 45 次；本次仍从闸里摘出）
  Gymshark               blocked  items=0    expired_cut=0   HTTP 403
      <-- KNOWN-MISSING(仍在): Gymshark 自 2026-09-14 起标为已知抓不到（连续 45 次；本次仍从闸里摘出）
  Legion Athletics       error    items=0    expired_cut=0   HTTP 404
      <-- KNOWN-MISSING(仍在): Legion Athletics 自 2026-09-14 起标为已知抓不到（连续 45 次；本次仍从闸里摘出）
  Vuori                  ok       items=15   expired_cut=0   
  Curology               ok       items=2    expired_cut=0   
  Dinnerly               ok       items=1    expired_cut=0   
  Blue Apron             blocked  items=0    expired_cut=0   HTTP 403
      <-- KNOWN-MISSING(仍在): Blue Apron 自 2026-09-14 起标为已知抓不到（连续 45 次；本次仍从闸里摘出）
  Skillshare             ok       items=2    expired_cut=0   
  Notion                 ok       items=7    expired_cut=0   
  Grammarly              ok       items=4    expired_cut=0   
  NordVPN                blocked  items=0    expired_cut=0   HTTP 403
      <-- KNOWN-MISSING(仍在): NordVPN 自 2026-09-14 起标为已知抓不到（连续 45 次；本次仍从闸里摘出）
  Hostinger              ok       items=7    expired_cut=0   
total=747  blocked=4  expired_dropped=0
excluded(已知抓不到, 已从闸里摘出)=Bombas, Gymshark, Legion Athletics, Blue Apron, NordVPN
baseline=747 (2026-09-24)  shrink_floor=374  -> 本次 747 >= 374, 通过
verdict: ALL_OK（已摘出已知抓不到: Bombas, Gymshark, Legion Athletics, Blue Apron, NordVPN） -> deploy
deployed: yes —— wrangler 已执行并成功，线上已更新

=== consumer run 2026-09-25T11:57:53Z ===
  Glossier               ok       items=111  expired_cut=0   
  Allbirds               ok       items=250  expired_cut=0   
  Transparent Labs       ok       items=71   expired_cut=0   
  Ilia                   ok       items=71   expired_cut=0   
  Supergoop              ok       items=86   expired_cut=0   
  Tower 28               ok       items=67   expired_cut=0   
  Gorilla Mind           ok       items=53   expired_cut=0   
  Bombas                 blocked  items=0    expired_cut=0   HTTP 429
      <-- KNOWN-MISSING(仍在): Bombas 自 2026-09-14 起标为已知抓不到（连续 46 次；本次仍从闸里摘出）
  Gymshark               blocked  items=0    expired_cut=0   HTTP 403
      <-- KNOWN-MISSING(仍在): Gymshark 自 2026-09-14 起标为已知抓不到（连续 46 次；本次仍从闸里摘出）
  Legion Athletics       error    items=0    expired_cut=0   HTTP 404
      <-- KNOWN-MISSING(仍在): Legion Athletics 自 2026-09-14 起标为已知抓不到（连续 46 次；本次仍从闸里摘出）
  Vuori                  ok       items=15   expired_cut=0   
  Curology               ok       items=2    expired_cut=0   
  Dinnerly               ok       items=1    expired_cut=0   
  Blue Apron             blocked  items=0    expired_cut=0   HTTP 403
      <-- KNOWN-MISSING(仍在): Blue Apron 自 2026-09-14 起标为已知抓不到（连续 46 次；本次仍从闸里摘出）
  Skillshare             ok       items=2    expired_cut=0   
  Notion                 ok       items=7    expired_cut=0   
  Grammarly              ok       items=4    expired_cut=0   
  NordVPN                blocked  items=0    expired_cut=0   HTTP 403
      <-- KNOWN-MISSING(仍在): NordVPN 自 2026-09-14 起标为已知抓不到（连续 46 次；本次仍从闸里摘出）
  Hostinger              ok       items=7    expired_cut=0   
total=747  blocked=4  expired_dropped=0
excluded(已知抓不到, 已从闸里摘出)=Bombas, Gymshark, Legion Athletics, Blue Apron, NordVPN
baseline=746 (2026-09-25)  shrink_floor=373  -> 本次 747 >= 373, 通过
verdict: ALL_OK（已摘出已知抓不到: Bombas, Gymshark, Legion Athletics, Blue Apron, NordVPN） -> deploy
deployed: yes —— wrangler 已执行并成功，线上已更新

=== consumer run 2026-09-25T17:18:19Z ===
  Glossier               ok       items=111  expired_cut=0   
  Allbirds               ok       items=250  expired_cut=0   
  Transparent Labs       ok       items=72   expired_cut=0   
  Ilia                   ok       items=72   expired_cut=0   
  Supergoop              ok       items=85   expired_cut=0   
  Tower 28               ok       items=67   expired_cut=0   
  Gorilla Mind           ok       items=53   expired_cut=0   
  Bombas                 blocked  items=0    expired_cut=0   HTTP 429
      <-- KNOWN-MISSING(仍在): Bombas 自 2026-09-14 起标为已知抓不到（连续 47 次；本次仍从闸里摘出）
  Gymshark               blocked  items=0    expired_cut=0   HTTP 403
      <-- KNOWN-MISSING(仍在): Gymshark 自 2026-09-14 起标为已知抓不到（连续 47 次；本次仍从闸里摘出）
  Legion Athletics       error    items=0    expired_cut=0   HTTP 404
      <-- KNOWN-MISSING(仍在): Legion Athletics 自 2026-09-14 起标为已知抓不到（连续 47 次；本次仍从闸里摘出）
  Vuori                  ok       items=15   expired_cut=0   
  Curology               ok       items=2    expired_cut=0   
  Dinnerly               ok       items=1    expired_cut=0   
  Blue Apron             blocked  items=0    expired_cut=0   HTTP 403
      <-- KNOWN-MISSING(仍在): Blue Apron 自 2026-09-14 起标为已知抓不到（连续 47 次；本次仍从闸里摘出）
  Skillshare             ok       items=2    expired_cut=0   
  Notion                 ok       items=7    expired_cut=0   
  Grammarly              ok       items=4    expired_cut=0   
  NordVPN                blocked  items=0    expired_cut=0   HTTP 403
      <-- KNOWN-MISSING(仍在): NordVPN 自 2026-09-14 起标为已知抓不到（连续 47 次；本次仍从闸里摘出）
  Hostinger              ok       items=7    expired_cut=0   
total=748  blocked=4  expired_dropped=0
excluded(已知抓不到, 已从闸里摘出)=Bombas, Gymshark, Legion Athletics, Blue Apron, NordVPN
baseline=747 (2026-09-25)  shrink_floor=374  -> 本次 748 >= 374, 通过
verdict: ALL_OK（已摘出已知抓不到: Bombas, Gymshark, Legion Athletics, Blue Apron, NordVPN） -> deploy
deployed: yes —— wrangler 已执行并成功，线上已更新

=== consumer run 2026-09-25T21:39:56Z ===
  Glossier               ok       items=111  expired_cut=0   
  Allbirds               ok       items=250  expired_cut=0   
  Transparent Labs       ok       items=72   expired_cut=0   
  Ilia                   ok       items=72   expired_cut=0   
  Supergoop              ok       items=85   expired_cut=0   
  Tower 28               ok       items=63   expired_cut=0   
  Gorilla Mind           ok       items=53   expired_cut=0   
  Bombas                 blocked  items=0    expired_cut=0   HTTP 429
      <-- KNOWN-MISSING(仍在): Bombas 自 2026-09-14 起标为已知抓不到（连续 48 次；本次仍从闸里摘出）
  Gymshark               blocked  items=0    expired_cut=0   HTTP 403
      <-- KNOWN-MISSING(仍在): Gymshark 自 2026-09-14 起标为已知抓不到（连续 48 次；本次仍从闸里摘出）
  Legion Athletics       error    items=0    expired_cut=0   HTTP 404
      <-- KNOWN-MISSING(仍在): Legion Athletics 自 2026-09-14 起标为已知抓不到（连续 48 次；本次仍从闸里摘出）
  Vuori                  ok       items=15   expired_cut=0   
  Curology               ok       items=2    expired_cut=0   
  Dinnerly               ok       items=1    expired_cut=0   
  Blue Apron             blocked  items=0    expired_cut=0   HTTP 403
      <-- KNOWN-MISSING(仍在): Blue Apron 自 2026-09-14 起标为已知抓不到（连续 48 次；本次仍从闸里摘出）
  Skillshare             ok       items=2    expired_cut=0   
  Notion                 ok       items=7    expired_cut=0   
  Grammarly              ok       items=4    expired_cut=0   
  NordVPN                blocked  items=0    expired_cut=0   HTTP 403
      <-- KNOWN-MISSING(仍在): NordVPN 自 2026-09-14 起标为已知抓不到（连续 48 次；本次仍从闸里摘出）
  Hostinger              ok       items=7    expired_cut=0   
total=744  blocked=4  expired_dropped=0
excluded(已知抓不到, 已从闸里摘出)=Bombas, Gymshark, Legion Athletics, Blue Apron, NordVPN
baseline=747 (2026-09-25)  shrink_floor=374  -> 本次 744 >= 374, 通过
verdict: ALL_OK（已摘出已知抓不到: Bombas, Gymshark, Legion Athletics, Blue Apron, NordVPN） -> deploy
deployed: yes —— wrangler 已执行并成功，线上已更新
