==================================================================
[travel4 refresh] start 2026-09-13T16:05:17Z   host=DESKTOP-3JLD1QE
==================================================================
[1/5] scrape travel4 on this machine's egress ...
config: brand=TravelDeals Radar providers=4
  Southwest Airlines     ok         items=33   deals=0   expired_cut=0  [render] 
  Carnival Cruise Line   ok         items=5    deals=3   expired_cut=0  carnival official deals API, 5 raw
  Hilton                 ok         items=14   deals=5   expired_cut=0  [render] 
  JetBlue                ok         items=1    deals=1   expired_cut=0  [render] 
wrote C:\Users\Administrator\WorkBuddy AI\Claw\branddeals-promo-radar\data\travel4.json  providers=4 items=53 deals=9 expired_dropped=0
   scraper exit 0
--- per-brand result check ---
   Southwest Airlines     ok       items=33   expired_cut=0   
   Carnival Cruise Line   ok       items=5    expired_cut=0   carnival official deals API, 5 raw
   Hilton                 ok       items=14   expired_cut=0   
   JetBlue                ok       items=1    expired_cut=0   
   expired_dropped 总数: 0
[2/5] build static site ...
[safe-delete][SAFE_DELETE_BULK_CONFIRM_REQUIRED] {"count":53,"threshold":50,"scope":"turn","targets":["C:\\Users\\Administrator\\WorkBuddy AI\\Claw\\branddeals-promo-radar\\site_travel"],"targetCount":1}
!! FAILURE: build exited 1
[3/5] deploy to Cloudflare Pages ...

 ⛅️ wrangler 4.131.1
────────────────────
Uploading... (53/53)
✨ Success! Uploaded 0 files (53 already uploaded) (0.44 sec)

🌎 Deploying...
✨ Deployment complete! Take a peek over at https://4b2bb9be.traveldeals-promo-radar.pages.dev
[4/5] verify production (从本机出口核, 打不开就说明没上线) ...
   200  /
   200  /provider/southwest-airlines.html
   200  /provider/carnival-cruise-line.html
   200  /provider/hilton.html
   200  /provider/jetblue.html
[5/5] commit data snapshot ...
warning: in the working copy of '.ilang/travel4.ilang', LF will be replaced by CRLF the next time Git touches it
warning: in the working copy of 'build.py', LF will be replaced by CRLF the next time Git touches it
warning: in the working copy of 'scraper.py', LF will be replaced by CRLF the next time Git touches it
warning: in the working copy of 'tools/refresh_travel.sh', LF will be replaced by CRLF the next time Git touches it
!! WARN: git push 失败或超时(90s). 部署已完成, 但审计快照只在本机, 需人工补推。
==================================================================
[travel4 refresh] FINISHED WITH PROBLEMS  2026-09-13T16:05:17Z
   本次有失败项, 见上面对应 !! 行。日志: logs/travel-2026-09-13.log
   log: logs/travel-2026-09-13.log
   site: https://traveldeals-promo-radar.pages.dev/
==================================================================
==================================================================
[travel4 refresh] start 2026-09-13T16:18:29Z   host=DESKTOP-3JLD1QE
==================================================================
[1/5] scrape travel4 on this machine's egress ...
config: brand=TravelDeals Radar providers=4
  Southwest Airlines     ok         items=32   deals=0   expired_cut=0  [render] 
  Carnival Cruise Line   ok         items=5    deals=3   expired_cut=0  carnival official deals API, 5 raw
  Hilton                 ok         items=14   deals=5   expired_cut=0  [render] 
  JetBlue                ok         items=1    deals=1   expired_cut=0  [render] 
wrote C:\Users\Administrator\WorkBuddy AI\Claw\branddeals-promo-radar\data\travel4.json  providers=4 items=52 deals=9 expired_dropped=0
   scraper exit 0
--- per-brand result check ---
   Southwest Airlines     ok       items=32   expired_cut=0   
   Carnival Cruise Line   ok       items=5    expired_cut=0   carnival official deals API, 5 raw
   Hilton                 ok       items=14   expired_cut=0   
   JetBlue                ok       items=1    expired_cut=0   
   expired_dropped 总数: 0
[2/5] build static site ...
  removed 7 stale page(s) no longer in this crawl
built site -> C:\Users\Administrator\WorkBuddy AI\Claw\branddeals-promo-radar\site_travel
  providers=4 items=52 deals=9 mode=all html=50 sitemap_urls=50
[3/5] deploy to Cloudflare Pages ...

 ⛅️ wrangler 4.131.1
────────────────────
Uploading... (2/53)
Uploading... (19/53)
Uploading... (36/53)
Uploading... (53/53)
✨ Success! Uploaded 51 files (2 already uploaded) (1.48 sec)

🌎 Deploying...
✨ Deployment complete! Take a peek over at https://a2cd9f03.traveldeals-promo-radar.pages.dev
[4/5] verify production (从本机出口核, 打不开就说明没上线) ...
   200  /
   200  /provider/southwest-airlines.html
   200  /provider/carnival-cruise-line.html
   200  /provider/hilton.html
   200  /provider/jetblue.html
[5/5] commit data snapshot ...
warning: in the working copy of 'build.py', LF will be replaced by CRLF the next time Git touches it
warning: in the working copy of 'tools/refresh_travel.sh', LF will be replaced by CRLF the next time Git touches it
!! WARN: git push 失败或超时(90s). 部署已完成, 但审计快照只在本机, 需人工补推。
==================================================================
[travel4 refresh] FINISHED WITH PROBLEMS  2026-09-13T16:18:29Z
   本次有失败项, 见上面对应 !! 行。日志: logs/travel-2026-09-13.log
   log: logs/travel-2026-09-13.log
   site: https://traveldeals-promo-radar.pages.dev/
==================================================================
